// Jest Snapshot v1, https://goo.gl/fbAQLP

exports[`<Search /> renders App without crashing  1`] = `ShallowWrapper {}`;
