// Jest Snapshot v1, https://goo.gl/fbAQLP

exports[`Pagination renders 5 Pagination numbers  1`] = `ReactWrapper {}`;

exports[`Pagination renders App without crashing  1`] = `ReactWrapper {}`;
